=== Installation started at Sun Jun  7 09:17:33 PM EDT 2026 ===
Updating system...
:: Synchronizing package databases...
 core downloading...
 extra downloading...
 multilib downloading...
 omarchy downloading...
:: [1mSearching AUR for updates...[0m
:: [1mSearching databases for updates...[0m
 there is nothing to do
--- Installing repo packages ---
Installing: omarchy-zsh
 there is nothing to do
Installing: audacity
 there is nothing to do
Installing: gthumb
 there is nothing to do
Installing: handbrake
 there is nothing to do
Installing: kdenlive
 there is nothing to do
Installing: vlc
 there is nothing to do
Installing: firefox
 there is nothing to do
Installing: vivaldi
 there is nothing to do
Installing: vivaldi-ffmpeg-codecs
 there is nothing to do
Installing: meld
 there is nothing to do
Installing: neovim
 there is nothing to do
Installing: wine
 there is nothing to do
Installing: winetricks
 there is nothing to do
Installing: localsend
 there is nothing to do
Installing: networkmanager
 there is nothing to do
Installing: networkmanager-openvpn
 there is nothing to do
Installing: network-manager-applet
 there is nothing to do
Installing: syncthing
 there is nothing to do
Installing: openvpn
 there is nothing to do
Installing: tailscale
 there is nothing to do
Installing: transmission-gtk
 there is nothing to do
Installing: libreoffice-fresh
 there is nothing to do
Installing: thunderbird
 there is nothing to do
Installing: atool
 there is nothing to do
Installing: bat
 there is nothing to do
Installing: bandwhich
 there is nothing to do
Installing: bitwarden-cli
 there is nothing to do
Installing: btop
 there is nothing to do
Installing: broot
 there is nothing to do
Installing: caligula
 there is nothing to do
Installing: catdoc
 there is nothing to do
Installing: catimg
 there is nothing to do
Installing: cmatrix
 there is nothing to do
Installing: coreutils
 there is nothing to do
Installing: cowsay
 there is nothing to do
Installing: direnv
 there is nothing to do
Installing: dua-cli
 there is nothing to do
Installing: curl
 there is nothing to do
Installing: dnsutils
 there is nothing to do
Installing: direnv
 there is nothing to do
Installing: duf
 there is nothing to do
Installing: eza
 there is nothing to do
Installing: fd
 there is nothing to do
Installing: fastfetch
 there is nothing to do
Installing: feh
 there is nothing to do
Installing: ffmpeg
 there is nothing to do
Installing: figlet
 there is nothing to do
Installing: findutils
 there is nothing to do
Installing: fish
 there is nothing to do
Installing: fzf
 there is nothing to do
Installing: gimp
 there is nothing to do
Installing: git
 there is nothing to do
Installing: glow
 there is nothing to do
Installing: grep
 there is nothing to do
Installing: htop
 there is nothing to do
Installing: psmisc
 there is nothing to do
Installing: imagemagick
 there is nothing to do
Installing: jq
 there is nothing to do
Installing: lf
 there is nothing to do
Installing: lshw
 there is nothing to do
Installing: man-db
 there is nothing to do
Installing: mediainfo
 there is nothing to do
Installing: moreutils
 there is nothing to do
Installing: mpc
 there is nothing to do
Installing: mpd
 there is nothing to do
Installing: mpv
 there is nothing to do
Installing: ncdu
 there is nothing to do
Installing: neovim
 there is nothing to do
Installing: ncmpcpp
 there is nothing to do
Installing: newsboat
 there is nothing to do
Installing: nmap
 there is nothing to do
Installing: nnn
 there is nothing to do
Installing: pandoc
 there is nothing to do
Installing: playerctl
 there is nothing to do
Installing: progress
 there is nothing to do
Installing: ranger
 there is nothing to do
Installing: restic
 there is nothing to do
Installing: ripgrep
 there is nothing to do
Installing: rclone
 there is nothing to do
Installing: rsync
 there is nothing to do
Installing: rsnapshot
 there is nothing to do
Installing: speedtest-cli
 there is nothing to do
Installing: starship
 there is nothing to do
Installing: stow
 there is nothing to do
Installing: sudo
 there is nothing to do
Installing: superfile
 there is nothing to do
Installing: tldr
 there is nothing to do
Installing: tmux
 there is nothing to do
Installing: traceroute
 there is nothing to do
Installing: trash-cli
 there is nothing to do
Installing: unrar
 there is nothing to do
Installing: unzip
 there is nothing to do
Installing: vim
 there is nothing to do
Installing: variety
 there is nothing to do
Installing: yazi
 there is nothing to do
Installing: yt-dlp
 there is nothing to do
Installing: zathura
 there is nothing to do
Installing: zathura-pdf-mupdf
 there is nothing to do
Installing: zsh
 there is nothing to do
Installing: zsh-autocomplete
 there is nothing to do
Installing: zsh-autosuggestions
 there is nothing to do
Installing: zsh-completions
 there is nothing to do
Installing: zsh-history-substring-search
 there is nothing to do
Installing: zsh-syntax-highlighting
 there is nothing to do
Installing: which
 there is nothing to do
Installing: wget
 there is nothing to do
Installing: distrobox
 there is nothing to do
Installing: docker
 there is nothing to do
Installing: docker-compose
 there is nothing to do
Installing: flatpak
 there is nothing to do
Installing: libvirt
 there is nothing to do
Installing: virt-manager
 there is nothing to do
Installing: virt-viewer
 there is nothing to do
Installing: v4l-utils
 there is nothing to do
Installing: atool
 there is nothing to do
Installing: chafa
 there is nothing to do
Installing: colordiff
 there is nothing to do
Installing: exiftool
 there is nothing to do
Installing: ffmpegthumbnailer
 there is nothing to do
Installing: lynx
 there is nothing to do
Installing: pcmanfm
 there is nothing to do
Installing: ntfs-3g
 there is nothing to do
Installing: perl-file-mimeinfo
 there is nothing to do
Installing: poppler
 there is nothing to do
Installing: thunar
 there is nothing to do
Installing: thunar-volman
 there is nothing to do
Installing: thunar-archive-plugin
 there is nothing to do
Installing: udiskie
 there is nothing to do
Installing: udisks2
 there is nothing to do
Installing: alacritty
 there is nothing to do
Installing: clamav
 there is nothing to do
Installing: clamtk
 there is nothing to do
Installing: deja-dup
 there is nothing to do
Installing: filezilla
 there is nothing to do
Installing: flameshot
 there is nothing to do
Installing: kitty
 there is nothing to do
Installing: okular
 there is nothing to do
Installing: rofi
 there is nothing to do
Installing: thunderbird
 there is nothing to do
Installing: arch-wiki-docs
 there is nothing to do
Installing: baobab
 there is nothing to do
Installing: bleachbit
 there is nothing to do
Installing: clonezilla
 there is nothing to do
Installing: dunst
 there is nothing to do
Installing: fwupd
 there is nothing to do
Installing: gparted
 there is nothing to do
Installing: maim
 there is nothing to do
Installing: parted
 there is nothing to do
Installing: pamixer
 there is nothing to do
Installing: solaar
 there is nothing to do
Installing: ufw
 there is nothing to do
Installing: yad
 there is nothing to do
Installing: zathura
 there is nothing to do
Installing: font-manager
 there is nothing to do
Installing: awesome-terminal-fonts
 there is nothing to do
Installing: noto-fonts
 there is nothing to do
Installing: noto-fonts-emoji
 there is nothing to do
Installing: ttf-dejavu
 there is nothing to do
Installing: ttf-droid
 there is nothing to do
Installing: ttf-font-awesome
 there is nothing to do
Installing: ttf-hack
 there is nothing to do
Installing: ttf-jetbrains-mono
 there is nothing to do
Installing: ttf-linux-libertine
 there is nothing to do
Installing: ttf-roboto
 there is nothing to do
Installing: ttf-roboto-mono
 there is nothing to do
Installing: ttf-ubuntu-font-family
 there is nothing to do
--- Installing AUR packages ---
Installing: brave-bin
 -> brave-bin-1:1.91.168-1 is up to date -- skipping
 there is nothing to do
Installing: brave-origin-nightly-bin
 -> brave-origin-nightly-bin-1.93.35-1 is up to date -- skipping
 there is nothing to do
Installing: cptv-git
 there is nothing to do
Installing: czkawka-gui
 -> czkawka-gui-11.0.1-0.2 is up to date -- skipping
 there is nothing to do
Installing: dmscripts-git
 -> dmscripts-git-1.0.r534.1247a27-1 is up to date -- skipping
 there is nothing to do
Installing: fpp
 -> fpp-0.9.5-1 is up to date -- skipping
 there is nothing to do
Installing: gallary-dl
 there is nothing to do
Installing: hollywood
 -> hollywood-1.25-1 is up to date -- skipping
 there is nothing to do
Installing: hyprcaffeine
 -> hyprcaffeine-0.8.5-1 is up to date -- skipping
 there is nothing to do
Installing: lazydocker
Sync Explicit (1): lazydocker-0.25.2-1
 there is nothing to do
Installing: lazygit
Sync Explicit (1): lazygit-0.61.1-1
 there is nothing to do
Installing: lf
Sync Explicit (1): lf-41-1
 there is nothing to do
Installing: losslesscut-bin
 -> losslesscut-bin-3.69.0-1 is up to date -- skipping
 there is nothing to do
Installing: makemkv
 -> makemkv-1.18.3-1 is up to date -- skipping
 there is nothing to do
Installing: mintstick-git
 -> mintstick-git-r306.261a4b1-1 is up to date -- skipping
 there is nothing to do
Installing: nerd-fonts-sf-mono
 -> nerd-fonts-sf-mono-3.4.0-1 is up to date -- skipping
 there is nothing to do
Installing: nerd-fonts-complete
 -> ttf-nerd-fonts-meta-3.4.0-1 is up to date -- skipping
 there is nothing to do
Installing: nsxiv
Sync Explicit (1): nsxiv-34-1
 there is nothing to do
Installing: pacfinder
 -> pacfinder-1.2-1 is up to date -- skipping
 there is nothing to do
Installing: ttf-ms-fonts
AUR Explicit (1): ttf-ms-fonts-2.0-12
:: [1m(1/1) Downloaded PKGBUILD: ttf-ms-fonts[0m
  1 ttf-ms-fonts                             (Build Files Exist)
==> Packages to cleanBuild?
==> [N]one [A]ll [Ab]ort [I]nstalled [No]tInstalled or (1 2 3, 1-3, ^4)
==> 
  1 ttf-ms-fonts                             (Build Files Exist)
==> Diffs to show?
==> [N]one [A]ll [Ab]ort [I]nstalled [No]tInstalled or (1 2 3, 1-3, ^4)
==> 
[1m[32m==>(B[m[1m Making package: ttf-ms-fonts 2.0-12 (Sun 07 Jun 2026 09:18:14 PM EDT)(B[m
[1m[32m==>(B[m[1m Retrieving sources...(B[m
[1m[34m  ->(B[m[1m Downloading andale32.exe...(B[m
[1m[34m  ->(B[m[1m Downloading arial32.exe...(B[m
[1m[34m  ->(B[m[1m Downloading arialb32.exe...(B[m
[1m[34m  ->(B[m[1m Downloading comic32.exe...(B[m
[1m[34m  ->(B[m[1m Downloading courie32.exe...(B[m
[1m[34m  ->(B[m[1m Downloading georgi32.exe...(B[m
[1m[34m  ->(B[m[1m Downloading impact32.exe...(B[m
[1m[34m  ->(B[m[1m Downloading times32.exe...(B[m
[1m[34m  ->(B[m[1m Downloading trebuc32.exe...(B[m
[1m[34m  ->(B[m[1m Downloading verdan32.exe...(B[m
[1m[34m  ->(B[m[1m Downloading webdin32.exe...(B[m
[1m[32m==>(B[m[1m Validating source files with sha256sums...(B[m
:: [1m(1/1) Parsing SRCINFO: ttf-ms-fonts[0m
[1m[32m==>(B[m[1m Making package: ttf-ms-fonts 2.0-12 (Sun 07 Jun 2026 09:18:29 PM EDT)(B[m
[1m[32m==>(B[m[1m Checking runtime dependencies...(B[m
[1m[32m==>(B[m[1m Checking buildtime dependencies...(B[m
[1m[32m==>(B[m[1m Retrieving sources...(B[m
[1m[34m  ->(B[m[1m Found andale32.exe(B[m
[1m[34m  ->(B[m[1m Found arial32.exe(B[m
[1m[34m  ->(B[m[1m Found arialb32.exe(B[m
[1m[34m  ->(B[m[1m Found comic32.exe(B[m
[1m[34m  ->(B[m[1m Found courie32.exe(B[m
[1m[34m  ->(B[m[1m Found georgi32.exe(B[m
[1m[34m  ->(B[m[1m Found impact32.exe(B[m
[1m[34m  ->(B[m[1m Found times32.exe(B[m
[1m[34m  ->(B[m[1m Found trebuc32.exe(B[m
[1m[34m  ->(B[m[1m Found verdan32.exe(B[m
[1m[34m  ->(B[m[1m Found webdin32.exe(B[m
[1m[32m==>(B[m[1m Validating source files with sha256sums...(B[m
[1m[32m==>(B[m[1m Removing existing $srcdir/ directory...(B[m
[1m[32m==>(B[m[1m Extracting sources...(B[m
[1m[34m  ->(B[m[1m Extracting andale32.exe with bsdtar(B[m
[1m[34m  ->(B[m[1m Extracting arial32.exe with bsdtar(B[m
[1m[34m  ->(B[m[1m Extracting arialb32.exe with bsdtar(B[m
[1m[34m  ->(B[m[1m Extracting comic32.exe with bsdtar(B[m
[1m[34m  ->(B[m[1m Extracting courie32.exe with bsdtar(B[m
[1m[34m  ->(B[m[1m Extracting georgi32.exe with bsdtar(B[m
[1m[34m  ->(B[m[1m Extracting impact32.exe with bsdtar(B[m
[1m[34m  ->(B[m[1m Extracting times32.exe with bsdtar(B[m
[1m[34m  ->(B[m[1m Extracting trebuc32.exe with bsdtar(B[m
[1m[34m  ->(B[m[1m Extracting verdan32.exe with bsdtar(B[m
[1m[34m  ->(B[m[1m Extracting webdin32.exe with bsdtar(B[m
[1m[32m==>(B[m[1m Sources are ready.(B[m
[1m[32m==>(B[m[1m Making package: ttf-ms-fonts 2.0-12 (Sun 07 Jun 2026 09:18:30 PM EDT)(B[m
[1m[32m==>(B[m[1m Checking runtime dependencies...(B[m
[1m[32m==>(B[m[1m Checking buildtime dependencies...(B[m
[1m[32m==>(B[m[1m Entering fakeroot environment...(B[m
[1m[32m==>(B[m[1m Starting package()...(B[m
[1m[32m==>(B[m[1m Tidying install...(B[m
[1m[34m  ->(B[m[1m Removing libtool files...(B[m
[1m[34m  ->(B[m[1m Purging unreproducible ruby files...(B[m
[1m[34m  ->(B[m[1m Removing static library files...(B[m
[1m[34m  ->(B[m[1m Purging unwanted files...(B[m
[1m[34m  ->(B[m[1m Stripping unneeded symbols from binaries and libraries...(B[m
[1m[34m  ->(B[m[1m Compressing man and info pages...(B[m
[1m[32m==>(B[m[1m Checking for packaging issues...(B[m
[1m[32m==>(B[m[1m Creating package "ttf-ms-fonts"...(B[m
[1m[34m  ->(B[m[1m Generating .PKGINFO file...(B[m
[1m[34m  ->(B[m[1m Generating .BUILDINFO file...(B[m
[1m[34m  ->(B[m[1m Generating .MTREE file...(B[m
[1m[34m  ->(B[m[1m Compressing package...(B[m
[1m[32m==>(B[m[1m Leaving fakeroot environment.(B[m
[1m[32m==>(B[m[1m Finished making: ttf-ms-fonts 2.0-12 (Sun 07 Jun 2026 09:18:31 PM EDT)(B[m
[1m[32m==>(B[m[1m Cleaning up...(B[m
loading packages...
resolving dependencies...
looking for conflicting packages...

Package (1)   New Version  Net Change

ttf-ms-fonts  2.0-12         5.40 MiB

Total Installed Size:  5.40 MiB

:: Proceed with installation? [Y/n] 
checking keyring...
checking package integrity...
loading package files...
checking for file conflicts...
checking available disk space...
:: Running pre-transaction hooks...
(1/1) Waiting for limine-snapper-sync to finish...
:: Processing package changes...
installing ttf-ms-fonts...
:: Running post-transaction hooks...
(1/2) Arming ConditionNeedsUpdate...
(2/2) Updating fontconfig cache...
Installing: wezterm
Sync Explicit (1): wezterm-20240203.110809.5046fc22-2
 there is nothing to do
=== Installation completed at Sun Jun  7 09:18:32 PM EDT 2026 ===
